V3 7
FL /home/rszambre/cpre583/project/PRNDG/prndg.vhd 2014/11/30.11:21:22 O.87xd
EN work/random_gen 1417368095 FL /home/rszambre/cpre583/project/PRNDG/prndg.vhd \
      PB ieee/std_logic_1164 1325952872 PB ieee/NUMERIC_STD 1325952877
AR work/random_gen/Behavorial 1417368096 \
      FL /home/rszambre/cpre583/project/PRNDG/prndg.vhd EN work/random_gen 1417368095
FL /home/rszambre/cpre583/project/PRNDG/prndg_TB.vhd 2014/11/30.10:24:04 O.87xd
EN work/testbench 0 FL /home/rszambre/cpre583/project/PRNDG/prndg_TB.vhd \
      PB ieee/std_logic_1164 1325952872 PB ieee/NUMERIC_STD 1325952877
AR work/testbench/behavior 0 \
      FL /home/rszambre/cpre583/project/PRNDG/prndg_TB.vhd EN work/testbench 0 \
      CP prndg
